igo10   igo10      <igo0.pfb
igo11   igo11      <igo0.pfb
igo12   igo12      <igo0.pfb
igo15   igo15      <igo0.pfb
igo20   igo20      <igo0.pfb
igo5    igo5       <igo0.pfb
igo6    igo6       <igo0.pfb
igo7    igo7       <igo0.pfb
igo8    igo8       <igo0.pfb
igo9    igo9       <igo0.pfb
igoblacki10         igoblacki10         <igoblacki10.pfb
igoblacki11         igoblacki11         <igoblacki11.pfb
igoblacki12         igoblacki12         <igoblacki12.pfb
igoblacki15         igoblacki15         <igoblacki15.pfb
igoblacki20         igoblacki20         <igoblacki20.pfb
igoblacki5         igoblacki5         <igoblacki5.pfb
igoblacki6         igoblacki6         <igoblacki6.pfb
igoblacki7         igoblacki7         <igoblacki7.pfb
igoblacki8         igoblacki8         <igoblacki8.pfb
igoblacki9         igoblacki9         <igoblacki9.pfb
igoblackii10         igoblackii10         <igoblackii10.pfb
igoblackii11         igoblackii11         <igoblackii11.pfb
igoblackii12         igoblackii12         <igoblackii12.pfb
igoblackii15         igoblackii15         <igoblackii15.pfb
igoblackii20         igoblackii20         <igoblackii20.pfb
igoblackii5         igoblackii5         <igoblackii5.pfb
igoblackii6         igoblackii6         <igoblackii6.pfb
igoblackii7         igoblackii7         <igoblackii7.pfb
igoblackii8         igoblackii8         <igoblackii8.pfb
igoblackii9         igoblackii9         <igoblackii9.pfb
igoblackiii10         igoblackiii10         <igoblackiii10.pfb
igoblackiii11         igoblackiii11         <igoblackiii11.pfb
igoblackiii12         igoblackiii12         <igoblackiii12.pfb
igoblackiii15         igoblackiii15         <igoblackiii15.pfb
igoblackiii20         igoblackiii20         <igoblackiii20.pfb
igoblackiii5         igoblackiii5         <igoblackiii5.pfb
igoblackiii6         igoblackiii6         <igoblackiii6.pfb
igoblackiii7         igoblackiii7         <igoblackiii7.pfb
igoblackiii8         igoblackiii8         <igoblackiii8.pfb
igoblackiii9         igoblackiii9         <igoblackiii9.pfb
igowhitei10         igowhitei10         <igowhitei10.pfb
igowhitei11         igowhitei11         <igowhitei11.pfb
igowhitei12         igowhitei12         <igowhitei12.pfb
igowhitei15         igowhitei15         <igowhitei15.pfb
igowhitei20         igowhitei20         <igowhitei20.pfb
igowhitei5         igowhitei5         <igowhitei5.pfb
igowhitei6         igowhitei6         <igowhitei6.pfb
igowhitei7         igowhitei7         <igowhitei7.pfb
igowhitei8         igowhitei8         <igowhitei8.pfb
igowhitei9         igowhitei9         <igowhitei9.pfb
igowhiteii10         igowhiteii10         <igowhiteii10.pfb
igowhiteii11         igowhiteii11         <igowhiteii11.pfb
igowhiteii12         igowhiteii12         <igowhiteii12.pfb
igowhiteii15         igowhiteii15         <igowhiteii15.pfb
igowhiteii20         igowhiteii20         <igowhiteii20.pfb
igowhiteii5         igowhiteii5         <igowhiteii5.pfb
igowhiteii6         igowhiteii6         <igowhiteii6.pfb
igowhiteii7         igowhiteii7         <igowhiteii7.pfb
igowhiteii8         igowhiteii8         <igowhiteii8.pfb
igowhiteii9         igowhiteii9         <igowhiteii9.pfb
igowhiteiii10         igowhiteiii10         <igowhiteiii10.pfb
igowhiteiii11         igowhiteiii11         <igowhiteiii11.pfb
igowhiteiii12         igowhiteiii12         <igowhiteiii12.pfb
igowhiteiii15         igowhiteiii15         <igowhiteiii15.pfb
igowhiteiii20         igowhiteiii20         <igowhiteiii20.pfb
igowhiteiii5         igowhiteiii5         <igowhiteiii5.pfb
igowhiteiii6         igowhiteiii6         <igowhiteiii6.pfb
igowhiteiii7         igowhiteiii7         <igowhiteiii7.pfb
igowhiteiii8         igowhiteiii8         <igowhiteiii8.pfb
igowhiteiii9         igowhiteiii9         <igowhiteiii9.pfb
